TAP version 14
ok 1 - config-cachedir__NULL
ok 2 - config-capa-cap_chown-0__NULL
ok 3 - config-capa-cap_chown-1__NULL
ok 4 - config-capa-cap_setuid-0__NULL
ok 5 - config-capa-cap_setuid-1__NULL
ok 6 - config-cgrouproot__NULL
ok 7 - config-chdir__NULL
ok 8 - config-die-with-parent-disabled__NULL
ok 9 - config-die-with-parent-enabled__NULL
ok 10 - config-die-with-parent-unset__NULL
ok 11 - config-gpgcheck-false__NULL
ok 12 - config-gpgcheck-true__NULL
ok 13 - config-hostname__NULL
ok 14 - config-ldpath__NULL
ok 15 - config-new-session-disabled__NULL
ok 16 - config-new-session-enabled__NULL
ok 17 - config-new-session-unset__NULL
ok 18 - config-path__NULL
ok 19 - config-persistdir__NULL
ok 20 - config-rpmdir__NULL
ok 21 - config-share_all-disabled__NULL
ok 22 - config-share_all-enabled__NULL
ok 23 - config-share_all-unset__NULL
ok 24 - config-share_cgroup-disabled__NULL
ok 25 - config-share_cgroup-enabled__NULL
ok 26 - config-share_cgroup-unset__NULL
ok 27 - config-share_ipc-disabled__NULL
ok 28 - config-share_ipc-enabled__NULL
ok 29 - config-share_ipc-unset__NULL
ok 30 - config-share_net-disabled__NULL
ok 31 - config-share_net-enabled__NULL
ok 32 - config-share_net-unset__NULL
ok 33 - config-share_pid-disabled__NULL
ok 34 - config-share_pid-enabled__NULL
ok 35 - config-share_pid-unset__NULL
ok 36 - config-share_time-disabled__NULL
ok 37 - config-share_time-enabled__NULL
ok 38 - config-share_time-unset__NULL
ok 39 - config-share_user-disabled__NULL
ok 40 - config-share_user-enabled__NULL
ok 41 - config-share_user-unset__NULL
ok 42 - config-umask-027__NULL
ok 43 - config-umask-077__NULL
ok 44 - config-unsafe-false__NULL
ok 45 - config-unsafe-true__NULL
ok 46 - config-verbose-0__NULL
ok 47 - config-verbose-15__NULL
ok 48 - environ-default__NULL
ok 49 - environ-execfd__NULL
ok 50 - environ-remove__NULL
ok 51 - environ-static__NULL
ok 52 - environ-unset__NULL
ok 53 - export-anonymous-A__NULL
ok 54 - export-devfs-A__NULL
ok 55 - export-execfd-A__NULL
ok 56 - export-internal-A__NULL
ok 57 - export-lock-A__NULL
ok 58 - export-mqueue-A__NULL
ok 59 - export-private-A__NULL
ok 60 - export-privatefile-A__NULL
ok 61 - export-privaterestricted-A__NULL
ok 62 - export-procfs-A__NULL
ok 63 - export-public-A__NULL
ok 64 - export-publicfile-A__NULL
ok 65 - export-restricted-A__NULL
ok 66 - export-restrictedfile-A__NULL
ok 67 - export-symlink-A__NULL
ok 68 - export-tmpfs-A__NULL
ok 69 - config-cachedir__config-cachedir
ok 70 - config-cgrouproot__config-cgrouproot
ok 71 - config-chdir__config-chdir
ok 72 - config-hostname__config-hostname
ok 73 - config-ldpath__config-ldpath
ok 74 - config-path__config-path
ok 75 - config-persistdir__config-persistdir
ok 76 - config-rpmdir__config-rpmdir
ok 77 - config-capa-cap_chown-0__config-capa-cap_chown-0
ok 78 - config-capa-cap_chown-0__config-capa-cap_chown-1
ok 79 - config-capa-cap_chown-0__config-capa-cap_setuid-0
ok 80 - config-capa-cap_chown-0__config-capa-cap_setuid-1
ok 81 - config-capa-cap_chown-1__config-capa-cap_chown-0
ok 82 - config-capa-cap_chown-1__config-capa-cap_chown-1
ok 83 - config-capa-cap_chown-1__config-capa-cap_setuid-0
ok 84 - config-capa-cap_chown-1__config-capa-cap_setuid-1
ok 85 - config-capa-cap_setuid-0__config-capa-cap_chown-0
ok 86 - config-capa-cap_setuid-0__config-capa-cap_chown-1
ok 87 - config-capa-cap_setuid-0__config-capa-cap_setuid-0
ok 88 - config-capa-cap_setuid-0__config-capa-cap_setuid-1
ok 89 - config-capa-cap_setuid-1__config-capa-cap_chown-0
ok 90 - config-capa-cap_setuid-1__config-capa-cap_chown-1
ok 91 - config-capa-cap_setuid-1__config-capa-cap_setuid-0
ok 92 - config-capa-cap_setuid-1__config-capa-cap_setuid-1
ok 93 - config-die-with-parent-disabled__config-die-with-parent-disabled
ok 94 - config-die-with-parent-disabled__config-die-with-parent-enabled
ok 95 - config-die-with-parent-disabled__config-die-with-parent-unset
ok 96 - config-die-with-parent-enabled__config-die-with-parent-disabled
ok 97 - config-die-with-parent-enabled__config-die-with-parent-enabled
ok 98 - config-die-with-parent-enabled__config-die-with-parent-unset
ok 99 - config-die-with-parent-unset__config-die-with-parent-disabled
ok 100 - config-die-with-parent-unset__config-die-with-parent-enabled
ok 101 - config-die-with-parent-unset__config-die-with-parent-unset
ok 102 - config-gpgcheck-false__config-gpgcheck-false
ok 103 - config-gpgcheck-false__config-gpgcheck-true
ok 104 - config-gpgcheck-true__config-gpgcheck-false
ok 105 - config-gpgcheck-true__config-gpgcheck-true
ok 106 - config-new-session-disabled__config-new-session-disabled
ok 107 - config-new-session-disabled__config-new-session-enabled
ok 108 - config-new-session-enabled__config-new-session-disabled
ok 109 - config-new-session-enabled__config-new-session-enabled
ok 110 - config-share_all-disabled__config-share_all-disabled
ok 111 - config-share_all-disabled__config-share_all-enabled
ok 112 - config-share_all-disabled__config-share_ipc-disabled
ok 113 - config-share_all-disabled__config-share_ipc-enabled
ok 114 - config-share_all-enabled__config-share_all-disabled
ok 115 - config-share_all-enabled__config-share_all-enabled
ok 116 - config-share_all-enabled__config-share_ipc-disabled
ok 117 - config-share_all-enabled__config-share_ipc-enabled
ok 118 - config-share_ipc-disabled__config-share_all-disabled
ok 119 - config-share_ipc-disabled__config-share_all-enabled
ok 120 - config-share_ipc-disabled__config-share_ipc-disabled
ok 121 - config-share_ipc-disabled__config-share_ipc-enabled
ok 122 - config-share_ipc-enabled__config-share_all-disabled
ok 123 - config-share_ipc-enabled__config-share_all-enabled
ok 124 - config-share_ipc-enabled__config-share_ipc-disabled
ok 125 - config-share_ipc-enabled__config-share_ipc-enabled
ok 126 - config-share_ipc-disabled__config-share_ipc-disabled
ok 127 - config-share_ipc-disabled__config-share_ipc-enabled
ok 128 - config-share_ipc-disabled__config-share_net-disabled
ok 129 - config-share_ipc-disabled__config-share_net-enabled
ok 130 - config-share_ipc-enabled__config-share_ipc-disabled
ok 131 - config-share_ipc-enabled__config-share_ipc-enabled
ok 132 - config-share_ipc-enabled__config-share_net-disabled
ok 133 - config-share_ipc-enabled__config-share_net-enabled
ok 134 - config-share_net-disabled__config-share_ipc-disabled
ok 135 - config-share_net-disabled__config-share_ipc-enabled
ok 136 - config-share_net-disabled__config-share_net-disabled
ok 137 - config-share_net-disabled__config-share_net-enabled
ok 138 - config-share_net-enabled__config-share_ipc-disabled
ok 139 - config-share_net-enabled__config-share_ipc-enabled
ok 140 - config-share_net-enabled__config-share_net-disabled
ok 141 - config-share_net-enabled__config-share_net-enabled
ok 142 - config-umask-027__config-umask-027
ok 143 - config-umask-027__config-umask-077
ok 144 - config-umask-077__config-umask-027
ok 145 - config-umask-077__config-umask-077
ok 146 - environ-default__environ-default
ok 147 - environ-default__environ-execfd
ok 148 - environ-default__environ-remove
ok 149 - environ-default__environ-static
ok 150 - environ-execfd__environ-default
ok 151 - environ-execfd__environ-execfd
ok 152 - environ-execfd__environ-remove
ok 153 - environ-execfd__environ-static
ok 154 - environ-remove__environ-default
ok 155 - environ-remove__environ-execfd
ok 156 - environ-remove__environ-remove
ok 157 - environ-remove__environ-static
ok 158 - environ-static__environ-default
ok 159 - environ-static__environ-execfd
ok 160 - environ-static__environ-remove
ok 161 - environ-static__environ-static
ok 162 - environ-remove__environ-remove
ok 163 - environ-remove__environ-unset
ok 164 - environ-unset__environ-remove
ok 165 - environ-unset__environ-unset
ok 166 - export-anonymous-A__export-anonymous-A
ok 167 - export-anonymous-A__export-anonymous-B
ok 168 - export-anonymous-B__export-anonymous-A
ok 169 - export-anonymous-B__export-anonymous-B
ok 170 - export-devfs-A__export-devfs-A
ok 171 - export-devfs-A__export-devfs-B
ok 172 - export-devfs-B__export-devfs-A
ok 173 - export-devfs-B__export-devfs-B
ok 174 - export-execfd-A__export-execfd-A
ok 175 - export-execfd-A__export-execfd-B
ok 176 - export-execfd-B__export-execfd-A
ok 177 - export-execfd-B__export-execfd-B
ok 178 - export-internal-A__export-internal-A
ok 179 - export-internal-A__export-internal-B
ok 180 - export-internal-B__export-internal-A
ok 181 - export-internal-B__export-internal-B
ok 182 - export-private-A__export-private-A
ok 183 - export-private-A__export-private-B
ok 184 - export-private-B__export-private-A
ok 185 - export-private-B__export-private-B
ok 186 - export-privatefile-A__export-privatefile-A
ok 187 - export-privatefile-A__export-privatefile-B
ok 188 - export-privatefile-B__export-privatefile-A
ok 189 - export-privatefile-B__export-privatefile-B
ok 190 - export-privaterestricted-A__export-privaterestricted-A
ok 191 - export-privaterestricted-A__export-privaterestricted-B
ok 192 - export-privaterestricted-B__export-privaterestricted-A
ok 193 - export-privaterestricted-B__export-privaterestricted-B
ok 194 - export-public-A__export-public-A
ok 195 - export-public-A__export-public-B
ok 196 - export-public-B__export-public-A
ok 197 - export-public-B__export-public-B
ok 198 - export-publicfile-A__export-publicfile-A
ok 199 - export-publicfile-A__export-publicfile-B
ok 200 - export-publicfile-B__export-publicfile-A
ok 201 - export-publicfile-B__export-publicfile-B
ok 202 - export-restricted-A__export-restricted-A
ok 203 - export-restricted-A__export-restricted-B
ok 204 - export-restricted-B__export-restricted-A
ok 205 - export-restricted-B__export-restricted-B
ok 206 - export-restrictedfile-A__export-restrictedfile-A
ok 207 - export-restrictedfile-A__export-restrictedfile-B
ok 208 - export-restrictedfile-B__export-restrictedfile-A
ok 209 - export-restrictedfile-B__export-restrictedfile-B
ok 210 - export-lock-A__export-lock-A
ok 211 - export-lock-A__export-lock-B
ok 212 - export-lock-B__export-lock-A
ok 213 - export-lock-B__export-lock-B
ok 214 - export-mqueue-A__export-mqueue-A
ok 215 - export-mqueue-A__export-mqueue-B
ok 216 - export-mqueue-B__export-mqueue-A
ok 217 - export-mqueue-B__export-mqueue-B
ok 218 - export-procfs-A__export-procfs-A
ok 219 - export-procfs-A__export-procfs-B
ok 220 - export-procfs-B__export-procfs-A
ok 221 - export-procfs-B__export-procfs-B
ok 222 - export-symlink-A__export-symlink-A
ok 223 - export-symlink-A__export-symlink-B
ok 224 - export-symlink-B__export-symlink-A
ok 225 - export-symlink-B__export-symlink-B
ok 226 - export-tmpfs-A__export-tmpfs-A
ok 227 - export-tmpfs-A__export-tmpfs-B
ok 228 - export-tmpfs-B__export-tmpfs-A
ok 229 - export-tmpfs-B__export-tmpfs-B
ok 230 - export-internal-A__export-internal-A
ok 231 - export-internal-A__export-private-A
ok 232 - export-internal-A__export-privatefile-A
ok 233 - export-internal-A__export-privaterestricted-A
ok 234 - export-internal-A__export-public-A
ok 235 - export-internal-A__export-publicfile-A
ok 236 - export-internal-A__export-restricted-A
ok 237 - export-internal-A__export-restrictedfile-A
ok 238 - export-private-A__export-internal-A
ok 239 - export-private-A__export-private-A
ok 240 - export-private-A__export-privatefile-A
ok 241 - export-private-A__export-privaterestricted-A
ok 242 - export-private-A__export-public-A
ok 243 - export-private-A__export-publicfile-A
ok 244 - export-private-A__export-restricted-A
ok 245 - export-private-A__export-restrictedfile-A
ok 246 - export-privatefile-A__export-internal-A
ok 247 - export-privatefile-A__export-private-A
ok 248 - export-privatefile-A__export-privatefile-A
ok 249 - export-privatefile-A__export-privaterestricted-A
ok 250 - export-privatefile-A__export-public-A
ok 251 - export-privatefile-A__export-publicfile-A
ok 252 - export-privatefile-A__export-restricted-A
ok 253 - export-privatefile-A__export-restrictedfile-A
ok 254 - export-privaterestricted-A__export-internal-A
ok 255 - export-privaterestricted-A__export-private-A
ok 256 - export-privaterestricted-A__export-privatefile-A
ok 257 - export-privaterestricted-A__export-privaterestricted-A
ok 258 - export-privaterestricted-A__export-public-A
ok 259 - export-privaterestricted-A__export-publicfile-A
ok 260 - export-privaterestricted-A__export-restricted-A
ok 261 - export-privaterestricted-A__export-restrictedfile-A
ok 262 - export-public-A__export-internal-A
ok 263 - export-public-A__export-private-A
ok 264 - export-public-A__export-privatefile-A
ok 265 - export-public-A__export-privaterestricted-A
ok 266 - export-public-A__export-public-A
ok 267 - export-public-A__export-publicfile-A
ok 268 - export-public-A__export-restricted-A
ok 269 - export-public-A__export-restrictedfile-A
ok 270 - export-publicfile-A__export-internal-A
ok 271 - export-publicfile-A__export-private-A
ok 272 - export-publicfile-A__export-privatefile-A
ok 273 - export-publicfile-A__export-privaterestricted-A
ok 274 - export-publicfile-A__export-public-A
ok 275 - export-publicfile-A__export-publicfile-A
ok 276 - export-publicfile-A__export-restricted-A
ok 277 - export-publicfile-A__export-restrictedfile-A
ok 278 - export-restricted-A__export-internal-A
ok 279 - export-restricted-A__export-private-A
ok 280 - export-restricted-A__export-privatefile-A
ok 281 - export-restricted-A__export-privaterestricted-A
ok 282 - export-restricted-A__export-public-A
ok 283 - export-restricted-A__export-publicfile-A
ok 284 - export-restricted-A__export-restricted-A
ok 285 - export-restricted-A__export-restrictedfile-A
ok 286 - export-restrictedfile-A__export-internal-A
ok 287 - export-restrictedfile-A__export-private-A
ok 288 - export-restrictedfile-A__export-privatefile-A
ok 289 - export-restrictedfile-A__export-privaterestricted-A
ok 290 - export-restrictedfile-A__export-public-A
ok 291 - export-restrictedfile-A__export-publicfile-A
ok 292 - export-restrictedfile-A__export-restricted-A
ok 293 - export-restrictedfile-A__export-restrictedfile-A
1..293

